../Core/Src/stm32f4xx_it.c:80:6:NMI_Handler	4	static
../Core/Src/stm32f4xx_it.c:95:6:HardFault_Handler	4	static
../Core/Src/stm32f4xx_it.c:110:6:MemManage_Handler	4	static
../Core/Src/stm32f4xx_it.c:125:6:BusFault_Handler	4	static
../Core/Src/stm32f4xx_it.c:140:6:UsageFault_Handler	4	static
../Core/Src/stm32f4xx_it.c:155:6:SVC_Handler	4	static
../Core/Src/stm32f4xx_it.c:168:6:DebugMon_Handler	4	static
../Core/Src/stm32f4xx_it.c:181:6:PendSV_Handler	4	static
../Core/Src/stm32f4xx_it.c:194:6:SysTick_Handler	8	static
../Core/Src/stm32f4xx_it.c:215:6:DMA1_Stream0_IRQHandler	8	static
../Core/Src/stm32f4xx_it.c:229:6:DMA1_Stream5_IRQHandler	8	static
../Core/Src/stm32f4xx_it.c:243:6:DMA1_Stream6_IRQHandler	8	static
../Core/Src/stm32f4xx_it.c:257:6:EXTI9_5_IRQHandler	8	static
../Core/Src/stm32f4xx_it.c:272:6:TIM2_IRQHandler	8	static
../Core/Src/stm32f4xx_it.c:286:6:USART1_IRQHandler	8	static
../Core/Src/stm32f4xx_it.c:300:6:USART2_IRQHandler	8	static
../Core/Src/stm32f4xx_it.c:314:6:DMA1_Stream7_IRQHandler	8	static
../Core/Src/stm32f4xx_it.c:328:6:UART5_IRQHandler	8	static
../Core/Src/stm32f4xx_it.c:342:6:DMA2_Stream2_IRQHandler	8	static
../Core/Src/stm32f4xx_it.c:356:6:DMA2_Stream7_IRQHandler	8	static
../Core/Src/stm32f4xx_it.c:370:6:HAL_UARTEx_RxEventCallback	16	static
